// Jest Snapshot v1, https://goo.gl/fbAQLP

exports[`renders the FlatList component 1`] = `
<RCTScrollView
  disableVirtualization={false}
  getItem={[Function]}
  getItemCount={[Function]}
  horizontal={false}
  initialNumToRender={10}
  keyExtractor={[Function]}
  maxToRenderPerBatch={10}
  numColumns={1}
  onContentSizeChange={[Function]}
  onEndReachedThreshold={2}
  onLayout={[Function]}
  onMomentumScrollEnd={[Function]}
  onScroll={[Function]}
  onScrollBeginDrag={[Function]}
  onScrollEndDrag={[Function]}
  onViewableItemsChanged={undefined}
  renderItem={[Function]}
  scrollEventThrottle={50}
  stickyHeaderIndices={Array []}
  updateCellsBatchingPeriod={50}
  windowSize={21}
>
  <View />
</RCTScrollView>
`;

exports[`renders the Image component 1`] = `
<Image
  style={
    Object {
      "height": 240,
      "width": 320,
    }
  }
/>
`;
